// Jest Snapshot v1, https://goo.gl/fbAQLP

exports[`renders without crashing 1`] = `
<BannerSection
  justifyContent="space-between"
>
  <BannerTitle>
    Total Available Budget
  </BannerTitle>
  <styled.div>
    $
    10.00
  </styled.div>
  <styled.div>
    <AmountDisplay
      amount="15.00"
      color="green"
    />
    <AmountDisplay
      amount="5.00"
      color="red"
    />
  </styled.div>
</BannerSection>
`;
